\BOOKMARK [0][-]{chapter*.4}{\376\377\000T\000\363\000m\000\040\000t\036\257\000t\000\040\001\021\000i\036\301\000u\000\040\000h\000\340\000n\000h}{}% 1
\BOOKMARK [0][-]{chapter.1}{\376\377\000M\036\345\000c\000\040\000t\000i\000\352\000u\000\040\000v\000\340\000\040\000p\000h\036\241\000m\000\040\000v\000i\000\040\000t\000h\000i\036\277\000t\000\040\000k\036\277}{}% 2
\BOOKMARK [1][-]{section.1.1}{\376\377\000M\036\345\000c\000\040\000t\000i\000\352\000u}{chapter.1}% 3
\BOOKMARK [1][-]{section.1.2}{\376\377\000P\000h\036\241\000m\000\040\000v\000i\000\040\000c\000h\036\351\000c\000\040\000n\001\003\000n\000g}{chapter.1}% 4
\BOOKMARK [1][-]{section.1.3}{\376\377\000P\000h\036\241\000m\000\040\000v\000i\000\040\000l\000o\036\241\000i\000\040\000t\000r\036\353\000\040\000h\000o\036\267\000c\000\040\000c\000h\001\260\000a\000\040\001\260\000u\000\040\000t\000i\000\352\000n}{chapter.1}% 5
\BOOKMARK [0][-]{chapter.2}{\376\377\000T\000\341\000c\000\040\000n\000h\000\342\000n\000\040\000v\000\340\000\040\000c\000a\000\040\000s\036\355\000\040\000d\036\345\000n\000g}{}% 6
\BOOKMARK [1][-]{section.2.1}{\376\377\000T\000\341\000c\000\040\000n\000h\000\342\000n\000\040\000h\036\307\000\040\000t\000h\036\321\000n\000g}{chapter.2}% 7
\BOOKMARK [1][-]{section.2.2}{\376\377\000N\000h\000\363\000m\000\040\000c\000a\000\040\000s\036\355\000\040\000d\036\345\000n\000g}{chapter.2}% 8
\BOOKMARK [0][-]{chapter.3}{\376\377\000K\000i\036\277\000n\000\040\000t\000r\000\372\000c\000\040\000t\036\325\000n\000g\000\040\000t\000h\036\303}{}% 9
\BOOKMARK [1][-]{section.3.1}{\376\377\000M\000\364\000\040\000h\000\354\000n\000h\000\040\000t\000r\000i\036\303\000n\000\040\000k\000h\000a\000i}{chapter.3}% 10
\BOOKMARK [1][-]{section.3.2}{\376\377\000N\000g\000u\000y\000\352\000n\000\040\000t\036\257\000c\000\040\000k\000i\036\277\000n\000\040\000t\000r\000\372\000c}{chapter.3}% 11
\BOOKMARK [1][-]{section.3.3}{\376\377\000C\000\364\000n\000g\000\040\000n\000g\000h\036\307\000\040\001\021\036\301\000\040\000x\000u\036\245\000t}{chapter.3}% 12
\BOOKMARK [0][-]{chapter.4}{\376\377\000P\000h\000\342\000n\000\040\000t\000\355\000c\000h\000\040\000n\000g\000h\000i\036\307\000p\000\040\000v\036\345\000\040\000v\000\340\000\040\000q\000u\000y\000\040\000t\036\257\000c\000\040\000c\036\321\000t\000\040\000l\000\365\000i}{}% 13
\BOOKMARK [1][-]{section.4.1}{\376\377\000C\000a\000t\000a\000l\000o\000g\000\040\000v\000\340\000\040\000b\000i\036\277\000n\000\040\000t\000h\036\303}{chapter.4}% 14
\BOOKMARK [1][-]{section.4.2}{\376\377\001\020\036\313\000n\000h\000\040\000g\000i\000\341\000\040\000n\001\003\000m\000\040\000g\000i\000a\000i\000\040\001\021\000o\036\241\000n}{chapter.4}% 15
\BOOKMARK [1][-]{section.4.3}{\376\377\000P\000O\000S\000,\000\040\000r\000e\000s\000e\000r\000v\000a\000t\000i\000o\000n\000\040\000v\000\340\000\040\000o\000r\000d\000e\000r\000\040\000l\000i\000f\000e\000c\000y\000c\000l\000e}{chapter.4}% 16
\BOOKMARK [1][-]{section.4.4}{\376\377\000L\000a\000n\000d\000e\000d\000\040\000c\000o\000s\000t\000\040\000v\000\340\000\040\001\021\000i\036\303\000m\000\040\001\021\036\267\000t\000\040\000h\000\340\000n\000g\000\040\000l\036\241\000i}{chapter.4}% 17
\BOOKMARK [1][-]{section.4.5}{\376\377\000F\000I\000F\000O\000\040\000v\000\340\000\040\000l\036\343\000i\000\040\000n\000h\000u\036\255\000n\000\040\000t\000h\036\361\000c\000\040\000t\036\277}{chapter.4}% 18
\BOOKMARK [1][-]{section.4.6}{\376\377\000D\000e\000l\000i\000v\000e\000r\000y}{chapter.4}% 19
\BOOKMARK [1][-]{section.4.7}{\376\377\000M\000a\000r\000k\000e\000t\000i\000n\000g\000,\000\040\000l\000o\000y\000a\000l\000t\000y\000\040\000v\000\340\000\040\000c\000o\000m\000m\000i\000s\000s\000i\000o\000n}{chapter.4}% 20
\BOOKMARK [0][-]{chapter.5}{\376\377\000T\000h\000i\036\277\000t\000\040\000k\036\277\000\040\000d\036\357\000\040\000l\000i\036\307\000u}{}% 21
\BOOKMARK [1][-]{section.5.1}{\376\377\000C\000\341\000c\000\040\000m\000i\036\301\000n\000\040\000d\036\357\000\040\000l\000i\036\307\000u}{chapter.5}% 22
\BOOKMARK [1][-]{section.5.2}{\376\377\000M\000\364\000\040\000h\000\354\000n\000h\000\040\000p\000e\000r\000s\000i\000s\000t\000e\000n\000c\000e\000\040\000v\000\340\000\040\000d\000a\000t\000a\000\040\000d\000i\000c\000t\000i\000o\000n\000a\000r\000y}{chapter.5}% 23
\BOOKMARK [1][-]{section.5.3}{\376\377\000E\000R\000D\000\040\000l\000o\000g\000i\000c\000\040\000v\000\340\000\040\000c\000\341\000c\000\040\000q\000u\000a\000n\000\040\000h\036\307\000\040\000t\000r\000u\000n\000g\000\040\000t\000\342\000m}{chapter.5}% 24
\BOOKMARK [1][-]{section.5.4}{\376\377\000Q\000u\000a\000n\000\040\000h\036\307\000\040\000v\000\340\000\040\000k\000h\000\363\000a}{chapter.5}% 25
\BOOKMARK [1][-]{section.5.5}{\376\377\000N\000g\000u\000y\000\352\000n\000\040\000t\036\257\000c\000\040\000t\000o\000\340\000n\000\040\000v\036\271\000n\000\040\000d\036\357\000\040\000l\000i\036\307\000u}{chapter.5}% 26
\BOOKMARK [0][-]{chapter.6}{\376\377\000T\000h\000i\036\277\000t\000\040\000k\036\277\000\040\000A\000P\000I\000\040\000v\000\340\000\040\000g\000i\000a\000o\000\040\000t\000i\036\277\000p}{}% 27
\BOOKMARK [1][-]{section.6.1}{\376\377\000Q\000u\000y\000\040\001\260\036\333\000c\000\040\000A\000P\000I}{chapter.6}% 28
\BOOKMARK [1][-]{section.6.2}{\376\377\000B\036\301\000\040\000m\036\267\000t\000\040\000e\000n\000d\000p\000o\000i\000n\000t\000\040\000t\000h\000e\000o\000\040\000p\000h\000\342\000n\000\040\000h\036\307}{chapter.6}% 29
\BOOKMARK [1][-]{section.6.3}{\376\377\000C\000\341\000c\000\040\000h\036\343\000p\000\040\001\021\036\323\000n\000g\000\040\000q\000u\000a\000n\000\040\000t\000r\036\315\000n\000g}{chapter.6}% 30
\BOOKMARK [0][-]{chapter.7}{\376\377\000T\000h\000i\036\277\000t\000\040\000k\036\277\000\040\000l\000u\036\323\000n\000g\000\040\000d\036\357\000\040\000l\000i\036\307\000u\000\040\000v\000\340\000\040\000x\036\355\000\040\000l\000\375\000\040\001\021\036\323\000n\000g\000\040\000t\000h\036\335\000i}{}% 31
\BOOKMARK [1][-]{section.7.1}{\376\377\000C\000a\000c\000h\000e\000-\000a\000s\000i\000d\000e}{chapter.7}% 32
\BOOKMARK [1][-]{section.7.2}{\376\377\000L\000u\036\323\000n\000g\000\040\000n\000h\036\255\000p\000\040\000c\000o\000n\000t\000a\000i\000n\000e\000r}{chapter.7}% 33
\BOOKMARK [1][-]{section.7.3}{\376\377\000L\000u\036\323\000n\000g\000\040\000g\000i\000a\000o\000\040\000h\000\340\000n\000g\000\040\000v\000\340\000\040\000l\036\343\000i\000\040\000n\000h\000u\036\255\000n}{chapter.7}% 34
\BOOKMARK [1][-]{section.7.4}{\376\377\000X\036\355\000\040\000l\000\375\000\040\000l\036\327\000i}{chapter.7}% 35
\BOOKMARK [0][-]{chapter.8}{\376\377\000P\000h\000\342\000n\000\040\000t\000\355\000c\000h\000\040\000t\000h\000i\036\277\000t\000\040\000k\036\277\000\040\000g\000i\000a\000o\000\040\000d\000i\036\307\000n}{}% 36
\BOOKMARK [1][-]{section.8.1}{\376\377\000N\000g\000u\000y\000\352\000n\000\040\000t\036\257\000c\000\040\000g\000i\000a\000o\000\040\000d\000i\036\307\000n\000\040\000s\000t\000o\000r\000e\000f\000r\000o\000n\000t}{chapter.8}% 37
\BOOKMARK [1][-]{section.8.2}{\376\377\000T\000r\000a\000n\000g\000\040\000c\000h\036\347\000\040\000v\000\340\000\040\001\021\000i\036\301\000u\000\040\000h\001\260\036\333\000n\000g\000\040\000c\000a\000t\000a\000l\000o\000g}{chapter.8}% 38
\BOOKMARK [1][-]{section.8.3}{\376\377\000T\000r\000a\000n\000g\000\040\000d\000a\000n\000h\000\040\000m\036\345\000c}{chapter.8}% 39
\BOOKMARK [1][-]{section.8.4}{\376\377\000T\000r\000a\000n\000g\000\040\000c\000h\000i\000\040\000t\000i\036\277\000t\000\040\000s\036\243\000n\000\040\000p\000h\036\251\000m}{chapter.8}% 40
\BOOKMARK [1][-]{section.8.5}{\376\377\000G\000i\036\317\000\040\000h\000\340\000n\000g}{chapter.8}% 41
\BOOKMARK [0][-]{chapter.9}{\376\377\000B\036\243\000o\000\040\000m\036\255\000t\000,\000\040\000p\000h\000\342\000n\000\040\000q\000u\000y\036\301\000n\000\040\000v\000\340\000\040\000v\036\255\000n\000\040\000h\000\340\000n\000h}{}% 42
\BOOKMARK [1][-]{section.9.1}{\376\377\000A\000u\000t\000h\000e\000n\000t\000i\000c\000a\000t\000i\000o\000n\000\040\000v\000\340\000\040\000a\000u\000t\000h\000o\000r\000i\000z\000a\000t\000i\000o\000n}{chapter.9}% 43
\BOOKMARK [1][-]{section.9.2}{\376\377\000B\036\243\000o\000\040\000v\036\307\000\040\000d\036\357\000\040\000l\000i\036\307\000u}{chapter.9}% 44
\BOOKMARK [1][-]{section.9.3}{\376\377\000R\000a\000t\000e\000\040\000l\000i\000m\000i\000t\000\040\000v\000\340\000\040\000h\000e\000a\000l\000t\000h\000\040\000c\000h\000e\000c\000k}{chapter.9}% 45
\BOOKMARK [1][-]{section.9.4}{\376\377\000A\000u\000d\000i\000t\000\040\000v\000\340\000\040\000q\000u\000a\000n\000\040\000s\000\341\000t\000\040\000h\036\307\000\040\000t\000h\036\321\000n\000g}{chapter.9}% 46
\BOOKMARK [0][-]{chapter.10}{\376\377\000Y\000\352\000u\000\040\000c\036\247\000u\000\040\000p\000h\000i\000\040\000c\000h\036\351\000c\000\040\000n\001\003\000n\000g\000\040\000v\000\340\000\040\000t\000i\000\352\000u\000\040\000c\000h\000\355\000\040\000n\000g\000h\000i\036\307\000m\000\040\000t\000h\000u}{}% 47
\BOOKMARK [1][-]{section.10.1}{\376\377\000K\036\313\000c\000h\000\040\000b\036\243\000n\000\040\000n\000g\000h\000i\036\307\000m\000\040\000t\000h\000u\000\040\000e\000n\000d\000-\000t\000o\000-\000e\000n\000d}{chapter.10}% 48
\BOOKMARK [0][-]{chapter.11}{\376\377\000K\036\277\000t\000\040\000l\000u\036\255\000n\000\040\000t\000h\000i\036\277\000t\000\040\000k\036\277}{}% 49
